Performing C SOURCE FILE Test CMAKE_HAVE_LIBC_PTHREAD failed with the following output:
Change Dir: /home/parker/Projects/rk3576_yolov8tortsp_demo/build/CMakeFiles/CMakeTmp

Run Build Command(s):/usr/bin/make cmTC_67185/fast && /usr/bin/make -f CMakeFiles/cmTC_67185.dir/build.make CMakeFiles/cmTC_67185.dir/build
make[1]: 进入目录“/home/parker/Projects/rk3576_yolov8tortsp_demo/build/CMakeFiles/CMakeTmp”
Building C object CMakeFiles/cmTC_67185.dir/src.c.o
/home/parker/Projects/gcc-linaro-6.3.1-2017.05-x86_64_aarch64-linux-gnu/bin/aarch64-linux-gnu-gcc   -DCMAKE_HAVE_LIBC_PTHREAD   -o CMakeFiles/cmTC_67185.dir/src.c.o   -c /home/parker/Projects/rk3576_yolov8tortsp_demo/build/CMakeFiles/CMakeTmp/src.c
Linking C executable cmTC_67185
/usr/bin/cmake -E cmake_link_script CMakeFiles/cmTC_67185.dir/link.txt --verbose=1
/home/parker/Projects/gcc-linaro-6.3.1-2017.05-x86_64_aarch64-linux-gnu/bin/aarch64-linux-gnu-gcc  -DCMAKE_HAVE_LIBC_PTHREAD    CMakeFiles/cmTC_67185.dir/src.c.o  -o cmTC_67185 
CMakeFiles/cmTC_67185.dir/src.c.o: In function `main':
src.c:(.text+0x34): undefined reference to `pthread_create'
src.c:(.text+0x3c): undefined reference to `pthread_detach'
src.c:(.text+0x48): undefined reference to `pthread_join'
src.c:(.text+0x58): undefined reference to `pthread_atfork'
collect2: 错误： ld 返回 1
make[1]: *** [CMakeFiles/cmTC_67185.dir/build.make:87：cmTC_67185] 错误 1
make[1]: 离开目录“/home/parker/Projects/rk3576_yolov8tortsp_demo/build/CMakeFiles/CMakeTmp”
make: *** [Makefile:121：cmTC_67185/fast] 错误 2


Source file was:
#include <pthread.h>

void* test_func(void* data)
{
  return data;
}

int main(void)
{
  pthread_t thread;
  pthread_create(&thread, NULL, test_func, NULL);
  pthread_detach(thread);
  pthread_join(thread, NULL);
  pthread_atfork(NULL, NULL, NULL);
  pthread_exit(NULL);

  return 0;
}

Determining if the function pthread_create exists in the pthreads failed with the following output:
Change Dir: /home/parker/Projects/rk3576_yolov8tortsp_demo/build/CMakeFiles/CMakeTmp

Run Build Command(s):/usr/bin/make cmTC_b503b/fast && /usr/bin/make -f CMakeFiles/cmTC_b503b.dir/build.make CMakeFiles/cmTC_b503b.dir/build
make[1]: 进入目录“/home/parker/Projects/rk3576_yolov8tortsp_demo/build/CMakeFiles/CMakeTmp”
Building C object CMakeFiles/cmTC_b503b.dir/CheckFunctionExists.c.o
/home/parker/Projects/gcc-linaro-6.3.1-2017.05-x86_64_aarch64-linux-gnu/bin/aarch64-linux-gnu-gcc   -DCHECK_FUNCTION_EXISTS=pthread_create   -o CMakeFiles/cmTC_b503b.dir/CheckFunctionExists.c.o   -c /usr/share/cmake-3.16/Modules/CheckFunctionExists.c
Linking C executable cmTC_b503b
/usr/bin/cmake -E cmake_link_script CMakeFiles/cmTC_b503b.dir/link.txt --verbose=1
/home/parker/Projects/gcc-linaro-6.3.1-2017.05-x86_64_aarch64-linux-gnu/bin/aarch64-linux-gnu-gcc  -DCHECK_FUNCTION_EXISTS=pthread_create    CMakeFiles/cmTC_b503b.dir/CheckFunctionExists.c.o  -o cmTC_b503b  -lpthreads 
/home/parker/Projects/gcc-linaro-6.3.1-2017.05-x86_64_aarch64-linux-gnu/bin/../lib/gcc/aarch64-linux-gnu/6.3.1/../../../../aarch64-linux-gnu/bin/ld: 找不到 -lpthreads
collect2: 错误： ld 返回 1
make[1]: *** [CMakeFiles/cmTC_b503b.dir/build.make:87：cmTC_b503b] 错误 1
make[1]: 离开目录“/home/parker/Projects/rk3576_yolov8tortsp_demo/build/CMakeFiles/CMakeTmp”
make: *** [Makefile:121：cmTC_b503b/fast] 错误 2



